[
  "189",
  "30 Under 13",
  "121",
  "3flz7O2lY60WbBoefXUk1b",
  "2014-07-16T21:55:46",
  "2014-07-16T21:55:46",
  "190",
  "Artificial Bouquet",
  "121",
  "2xxdvegQmg1cOVGPolCUus",
  "2014-07-16T21:55:46",
  "2014-07-16T21:55:46",
  "191",
  "CHRISTFUCKER",
  "121",
  "2ta0CrVXcNrEXfeujT9yfr",
  "2014-07-16T21:55:46",
  "2014-07-16T21:55:46",
  "192",
  "New Bermuda",
  "121",
  "2e4xOasRFhJn4x2MBM5pdu",
  "2014-07-16T21:55:46",
  "2014-07-16T21:55:46",
  "193",
  "The Flowering",
  "121",
  "0k4ADzUDIVFkMBxV17xoi3",
  "2014-07-16T21:55:46",
  "2014-07-16T21:55:46",
  "194",
  "Devil Music",
  "121",
  "7sfiDMLBSmaP9IYJh7Qwlz",
  "2014-07-16T21:55:46",
  "2014-07-16T21:55:46",
  "195",
  "Portrayal of Guilt",
  "121",
  "3SX6v9DqVxNkhqBbcd3Rx0",
  "2014-07-16T21:55:46",
  "2014-07-16T21:55:46",
  "196",
  "Spiritual Instinct",
  "121",
  "6o13o3tlmwPYFnlIrVoRhh",
  "2014-07-16T21:55:46",
  "2014-07-16T21:55:46",
  "197",
  "Colors II",
  "121",
  "6vC3CeC5FprLHnTZobbdee",
  "2014-07-16T21:55:46",
  "2014-07-16T21:55:46",
  "198",
  "Jord",
  "121",
  "0m3w3lE6mYvreLDSwkRwht",
  "2014-07-16T21:55:46",
  "2014-07-16T21:55:46",
  "199",
  "Sunbather",
  "121",
  "2kKXGWaCEl06EKZ4DxBJIT",
  "2014-07-16T21:55:46",
  "2014-07-16T21:55:46",
  "200",
  "World Ablaze",
  "121",
  "0X0eAR2p0mXQXA5MrvlODP",
  "2014-07-16T21:55:46",
  "2014-07-16T21:55:46",
  "201",
  "Mirage",
  "121",
  "4XaR6FbfvrS2xc0Sbkq4uu",
  "2014-07-16T21:55:46",
  "2014-07-16T21:55:46",
  "202",
  "Gold \u0026 Grey",
  "121",
  "73rGQwg2KzF2ZJadR7FzQ8",
  "2014-07-16T21:55:46",
  "2014-07-16T21:55:46",
  "203",
  "Infinite Granite",
  "121",
  "0kCdT4gjYlSxIV7ll3Yd4M",
  "2014-07-16T21:55:46",
  "2014-07-16T21:55:46",
  "204",
  "Interstates",
  "121",
  "1PLT5ziLtlHtqFlGbby0Zv",
  "2014-07-16T21:55:46",
  "2014-07-16T21:55:46",
  "205",
  "Gris Klein",
  "121",
  "19DOARmoP1fongIfEjg80g",
  "2014-07-16T21:55:46",
  "2014-07-16T21:55:46",
  "206",
  "Diorama",
  "121",
  "13vlDeD4CxuoUqL4Ir3ojZ",
  "2014-07-16T21:55:46",
  "2014-07-16T21:55:46",
  "207",
  "Purple",
  "121",
  "7bzSRJuSLfCTWRzrOni6X7",
  "2014-07-16T21:55:46",
  "2014-07-16T21:55:46",
  "208",
  "Angel Dust (Deluxe Edition)",
  "121",
  "4cg5GrTMewtbntkO84uE2k",
  "2014-07-16T21:55:46",
  "2014-07-16T21:55:46",
  "209",
  "The Red Album",
  "121",
  "7HjDc1R38sIpwbKHOrbBNR",
  "2014-07-16T21:55:46",
  "2014-07-16T21:55:46",
  "210",
  "Wall Of Eyes",
  "121",
  "6PdPOv5ybKZ9ZuGMk5iGZd",
  "2014-07-16T21:55:46",
  "2014-07-16T21:55:46",
  "211",
  "Antediluvian Dreamscapes",
  "121",
  "1jViORsTgTWIlH2zAJnx06",
  "2014-07-16T21:55:46",
  "2014-07-16T21:55:46",
  "212",
  "Where Myth Becomes Memory",
  "121",
  "6feZT48cizyeg8cFVjX8pO",
  "2014-07-16T21:55:46",
  "2014-07-16T21:55:46",
  "213",
  "STONE (Deluxe)",
  "121",
  "5wXf8HsryAZiRz8k1iYH00",
  "2014-07-16T21:55:46",
  "2014-07-16T21:55:46",
  "214",
  "Sunbather (10th Anniversary Remix / Remaster)",
  "121",
  "6b6xeKwRSRTobIXUpT3egL",
  "2014-07-16T21:55:46",
  "2014-07-16T21:55:46",
  "215",
  "Child Soldier: Creator of God",
  "121",
  "4EsdhpP7IEJW2Uf8mK0XxY",
  "2014-07-16T21:55:46",
  "2014-07-16T21:55:46",
  "216",
  "Colors",
  "121",
  "56mXsvBsKgRCXgmtzOAC22",
  "2014-07-16T21:55:46",
  "2014-07-16T21:55:46",
  "217",
  "Π​α​ρ​α​μ​α​ι​ν​ο​μ​έ​ν​η",
  "121",
  "06IvayKhynOUfGirI7LncZ",
  "2014-07-16T21:55:46",
  "2014-07-16T21:55:46",
  "218",
  "Obsidian Wreath",
  "121",
  "5KV2TIucWQfU954VB5hF1y",
  "2014-07-16T21:55:46",
  "2014-07-16T21:55:46",
  "219",
  "STONE",
  "121",
  "3NgtaSuIIY0vsBMknvctq1",
  "2014-07-16T21:55:46",
  "2014-07-16T21:55:46",
  "220",
  "Only God Was Above Us",
  "121",
  "1W04wu2W4OIcuiNc5AMB3y",
  "2014-07-16T21:55:46",
  "2014-07-16T21:55:46",
  "221",
  "You Won't Go Before You're Supposed To",
  "121",
  "2sLBMdUF5HYNB0voqWs4K3",
  "2014-07-16T21:55:46",
  "2014-07-16T21:55:46",
  "222",
  "Time Will Die and Love Will Bury It",
  "121",
  "6VZQ25XyT12V0wH7oai4cG",
  "2014-07-16T21:55:46",
  "2014-07-16T21:55:46",
  "223",
  "Eyes Open",
  "121",
  "3k7bXPw2u0C0SBKPMsgMS3",
  "2014-07-16T21:55:46",
  "2014-07-16T21:55:46",
  "224",
  "O Monolith",
  "121",
  "6El4L0QbF7grZlJmpv7KPI",
  "2014-07-16T21:55:46",
  "2014-07-16T21:55:46",
  "225",
  "Final Straw",
  "121",
  "6rnHGj9PUHcEQCp4xdjbeJ",
  "2014-07-16T21:55:46",
  "2014-07-16T21:55:46",
  "226",
  "The Silent Circus",
  "121",
  "1rmiMSKXg6o8F1UVBdhQpN",
  "2014-07-16T21:55:46",
  "2014-07-16T21:55:46",
  "227",
  "FC5N",
  "121",
  "5M832JCOdiWsrafmPr6sQH",
  "2014-07-16T21:55:46",
  "2014-07-16T21:55:46",
  "228",
  "​Disharmonium - Nahab",
  "121",
  "2spORRGVutsk0KwxPhd3eU",
  "2014-07-16T21:55:46",
  "2014-07-16T21:55:46",
  "229",
  "Either/Or",
  "121",
  "5hryhrT7wEdLnZCbJX9F6L",
  "2014-07-16T21:55:46",
  "2014-07-16T21:55:46",
  "230",
  "Bright Future",
  "121",
  "2Y8WS7iDIZkvzB5GUeLvku",
  "2014-07-16T21:55:46",
  "2014-07-16T21:55:46",
  "231",
  "sadness // abriction",
  "121",
  "6r6HP9cHvzK3IjZ97abjUu",
  "2014-07-16T21:55:46",
  "2014-07-16T21:55:46",
  "232",
  "God Made Me An Animal",
  "121",
  "5BhklHDhaR6bzbELNrNKU2",
  "2014-07-16T21:55:46",
  "2014-07-16T21:55:46",
  "233",
  "Mirrorcell",
  "121",
  "79CKi15aRuhjpUnh9ZG4D4",
  "2014-07-16T21:55:46",
  "2014-07-16T21:55:46",
  "234",
  "Two Alive Amongst The Dead",
  "121",
  "4Kwjj9SUOtSG80euLteDsS",
  "2014-07-16T21:55:46",
  "2014-07-16T21:55:46",
  "235",
  "Crypt of Ancestral Knowledge - EP",
  "121",
  "7ECvDA8mWnB8iHMQKRTPnJ",
  "2014-07-16T21:55:46",
  "2014-07-16T21:55:46",
  "236",
  "Either/Or",
  "121",
  "5hryhrT7wEdLnZCbJX9F6L",
  "2014-07-16T21:55:46",
  "2014-07-16T21:55:46",
  "237",
  "Bright Future",
  "121",
  "2Y8WS7iDIZkvzB5GUeLvku",
  "2014-07-16T21:55:46",
  "2014-07-16T21:55:46",
  "238",
  "sadness // abriction",
  "121",
  "6r6HP9cHvzK3IjZ97abjUu",
  "2014-07-16T21:55:46",
  "2014-07-16T21:55:46",
  "239",
  "God Made Me An Animal",
  "121",
  "5BhklHDhaR6bzbELNrNKU2",
  "2014-07-16T21:55:46",
  "2014-07-16T21:55:46",
  "240",
  "Mirrorcell",
  "121",
  "79CKi15aRuhjpUnh9ZG4D4",
  "2014-07-16T21:55:46",
  "2014-07-16T21:55:46",
  "241",
  "Two Alive Amongst The Dead",
  "121",
  "4Kwjj9SUOtSG80euLteDsS",
  "2014-07-16T21:55:46",
  "2014-07-16T21:55:46",
  "242",
  "Crypt of Ancestral Knowledge - EP",
  "121",
  "7ECvDA8mWnB8iHMQKRTPnJ",
  "2014-07-16T21:55:46",
  "2014-07-16T21:55:46"
]
