["121","abriction","72qOGv3zp1iEaOpQIHXF7g","2014-07-16T21:55:46","2014-07-16T21:55:46","122","Chelsea Wolfe","6ZK2nrW8aCTg8Bid7I7N10","2014-07-16T21:55:46","2014-07-16T21:55:46","123","MGMT","0SwO7SWeDHJijQ3XNS7xEE","2014-07-16T21:55:46","2014-07-16T21:55:46","124","Greg Puciato","3seAlZdPsUKKveZltRG7wi","2014-07-16T21:55:46","2014-07-16T21:55:46","125","Snow Patrol","3rIZMv9rysU7JkLzEaC5Jp","2014-07-16T21:55:46","2014-07-16T21:55:46","126","Reba Meyers","5kIOwxQ4DBNm9ZQbbGgkIE","2014-07-16T21:55:46","2014-07-16T21:55:46","127","The Smile","6styCzc1Ej4NxISL0LiigM","2014-07-16T21:55:46","2014-07-16T21:55:46","128","Poppy","5mlbvTfWUOfDrUIK6dkNzv","2014-07-16T21:55:46","2014-07-16T21:55:46","129","Nick Cave \u0026 The Bad Seeds","4UXJsSlnKd7ltsrHebV79Q","2014-07-16T21:55:46","2014-07-16T21:55:46","130","The Notorious B.I.G.","5me0Irg2ANcsgc93uaYrpb","2014-07-16T21:55:46","2014-07-16T21:55:46","131","Tom Waits","7x83XhcMbOTl1UdYsPTuZM","2014-07-16T21:55:46","2014-07-16T21:55:46","132","Gaerea","1wXoI3Ajpv4WwQ3LmcrSBw","2014-07-16T21:55:46","2014-07-16T21:55:46","133","Portrayal of Guilt","1Uwe1MbiKnPHAFh3qMWuNp","2014-07-16T21:55:46","2014-07-16T21:55:46","134","Ὁπλίτης","3Kp9UoUfzXxx1M8cCsw0kj","2014-07-16T21:55:46","2014-07-16T21:55:46","135","Predatory Void","6I1ox6Hu5K9xpmCIAhF7Ch","2014-07-16T21:55:46","2014-07-16T21:55:46","136","Baroness","3KdXhEwbqFHfNfSk7L9E87","2014-07-16T21:55:46","2014-07-16T21:55:46","137","Between The Buried And Me","2JC4hZm1egeJDEolLsMwZ9","2014-07-16T21:55:46","2014-07-16T21:55:46","138","Faith No More","6GbCJZrI318Ybm8mY36Of5","2014-07-16T21:55:46","2014-07-16T21:55:46","139","Adrianne Lenker","4aKWmkWAKviFlyvHYPTNQY","2014-07-16T21:55:46","2014-07-16T21:55:46","140","Jessie Ware","5Mq7iqCWBzofK39FBqblNc","2014-07-16T21:55:46","2014-07-16T21:55:46","141","Frail Body","087dxTWzkw5RjrjOiJCfBH","2014-07-16T21:55:46","2014-07-16T21:55:46","142","The Smiths","3yY2gUcIsjMr8hjo51PoJ8","2014-07-16T21:55:46","2014-07-16T21:55:46","143","Keane","53A0W3U0s8diEn9RhXQhVz","2014-07-16T21:55:46","2014-07-16T21:55:46","144","Heriot","49O77SKrEk1b9sNjhI0kM4","2014-07-16T21:55:46","2014-07-16T21:55:46","145","Big Thief","5QdyldG4Fl4TPiOIeMNpBZ","2014-07-16T21:55:46","2014-07-16T21:55:46","146","Swans","79S80ZWgVhIPMCHuvl6SkA","2014-07-16T21:55:46","2014-07-16T21:55:46","147","Borislav Slavov","7Fl4F5eJRtPMEl3jTYMUQt","2014-07-16T21:55:46","2014-07-16T21:55:46","148","ISIS","2vsXeWGC8rILp3rpSN2Fyk","2014-07-16T21:55:46","2014-07-16T21:55:46","149","Vampire Weekend","5BvJzeQpmsdsFp4HGUYUEx","2014-07-16T21:55:46","2014-07-16T21:55:46","150","Empire State Bastard","4Lje5EOojiMe1qsGspOlDq","2014-07-16T21:55:46","2014-07-16T21:55:46","151","Gillian Carter","4Nq1P1SOkKWDqlx2TJkUdv","2014-07-16T21:55:46","2014-07-16T21:55:46","152","Wormrot","3vMnvW7u5207ATyxTQIxNz","2014-07-16T21:55:46","2014-07-16T21:55:46","153","Knocked Loose","4qrHkx5cgWIslciLXUMrYw","2014-07-16T21:55:46","2014-07-16T21:55:46","154","Squid","685XjGzGztyivfR3fAjoxo","2014-07-16T21:55:46","2014-07-16T21:55:46","155","Nine Inch Nails","0X380XXQSNBYuleKzav5UO","2014-07-16T21:55:46","2014-07-16T21:55:46","156","La Dispute","7lQKE6HaKQcCsgLRMhsh5W","2014-07-16T21:55:46","2014-07-16T21:55:46","157","Birds in Row","2H5x6tCSjQ4N5Lh7pRrTNo","2014-07-16T21:55:46","2014-07-16T21:55:46","158","Alcest","0d5ZwMtCer8dQdOPAgWhe7","2014-07-16T21:55:46","2014-07-16T21:55:46","159","Russian Circles","0AZ3VR0YbFcS0Kgei7L2QF","2014-07-16T21:55:46","2014-07-16T21:55:46","160","Vektor","09mNj9XgCqgg6usfeXOoBg","2014-07-16T21:55:46","2014-07-16T21:55:46","161","The Dillinger Escape Plan","7IGcjaMGAtsvKBLQX26W4i","2014-07-16T21:55:46","2014-07-16T21:55:46","162","Jeff Rosenstock","0wNZvrIMNUCs24G0wFg2D6","2014-07-16T21:55:46","2014-07-16T21:55:46","163","Mastodon","1Dvfqq39HxvCJ3GvfeIFuT","2014-07-16T21:55:46","2014-07-16T21:55:46","164","Better Lovers","3mStoA23qANDeMqHi2oqze","2014-07-16T21:55:46","2014-07-16T21:55:46","165","MØL","10AROE3jG5grMdhlNyZiWo","2014-07-16T21:55:46","2014-07-16T21:55:46","166","Elliott Smith","2ApaG60P4r0yhBoDCGD8YG","2014-07-16T21:55:46","2014-07-16T21:55:46","167","High On Fire","1eiIIImNeUj3vpaocWqoOf","2014-07-16T21:55:46","2014-07-16T21:55:46","168","Danny Brown","7aA592KWirLsnfb5ulGWvU","2014-07-16T21:55:46","2014-07-16T21:55:46","169","Gorillaz","3AA28KZvwAUcZuOKwyblJQ","2014-07-16T21:55:46","2014-07-16T21:55:46","170","billy woods","39vtb2iiz3079nqfL5nfFc","2014-07-16T21:55:46","2014-07-16T21:55:46","171","Soul Glo","0mWrp0C4ShdOjs7P29Gzan","2014-07-16T21:55:46","2014-07-16T21:55:46","172","Wolves In The Throne Room","5lqyPWmAivV75tII5Vxpet","2014-07-16T21:55:46","2014-07-16T21:55:46","173","Infant Island","34ZIRrOiowNWuyJYt5crZM","2014-07-16T21:55:46","2014-07-16T21:55:46","174","JPEGMAFIA","6yJ6QQ3Y5l0s0tn7b0arrO","2014-07-16T21:55:46","2014-07-16T21:55:46","175","Black Country, New Road","3PP6ghmOlDl2jaKaH0avUN","2014-07-16T21:55:46","2014-07-16T21:55:46","176","Sufjan Stevens","4MXUO7sVCaFgFjoTI5ox5c","2014-07-16T21:55:46","2014-07-16T21:55:46","177","Kanye West","5K4W6rqBFWDnAN6FQUkS6x","2014-07-16T21:55:46","2014-07-16T21:55:46","178","Jeromes Dream","7HUaFFb7vHJVzGAqwEBLJo","2014-07-16T21:55:46","2014-07-16T21:55:46","179","Deafheaven","4XpPveeg7RuYS3CgLo75t9","2014-07-16T21:55:46","2014-07-16T21:55:46","180","Ante-Inferno","4KoESQh0bNRpcBHXwxXSsL","2014-07-16T21:55:46","2014-07-16T21:55:46","181","Mutoid Man","2KhRuej67LynneJthmMx8o","2014-07-16T21:55:46","2014-07-16T21:55:46","182","The Beatles","3WrFJ7ztbogyGnTHbHJFl2","2014-07-16T21:55:46","2014-07-16T21:55:46","183","The Wrens","04cetTUz2JTzXBqFKO5YB5","2014-07-16T21:55:46","2014-07-16T21:55:46","184","Blut Aus Nord","0c0xIXQhCbmtvzM93liaSf","2014-07-16T21:55:46","2014-07-16T21:55:46","185","Rolo Tomassi","3uHCTHxtg3IVAvhyrYsZvI","2014-07-16T21:55:46","2014-07-16T21:55:46","186","Sadness","04tDiz6koPFuo5JBZyLgFg","2014-07-16T21:55:46","2014-07-16T21:55:46","187","Arcade Fire","3kjuyTCjPG1WMFCiyc5IuB","2014-07-16T21:55:46","2014-07-16T21:55:46","188","Pallbearer","2yeEmsTQMNHBlS5dhWtuD1","2014-07-16T21:55:46","2014-07-16T21:55:46"]