["1243","103","1","2024-06-08T10:16:19","2014-07-16T21:55:46","2014-07-16T21:55:46","1244","66","1","2024-06-08T10:12:18","2014-07-16T21:55:46","2014-07-16T21:55:46","1245","65","1","2024-06-08T10:10:38","2014-07-16T21:55:46","2014-07-16T21:55:46","1246","73","1","2024-06-08T10:04:52","2014-07-16T21:55:46","2014-07-16T21:55:46","1247","81","1","2024-06-08T10:02:46","2014-07-16T21:55:46","2014-07-16T21:55:46","1248","23","1","2024-06-08T09:58:20","2014-07-16T21:55:46","2014-07-16T21:55:46","1249","96","1","2024-06-08T09:54:29","2014-07-16T21:55:46","2014-07-16T21:55:46","1250","104","1","2024-06-08T09:47:02","2014-07-16T21:55:46","2014-07-16T21:55:46","1251","36","1","2024-06-08T09:38:44","2014-07-16T21:55:46","2014-07-16T21:55:46","1252","83","1","2024-06-08T09:37:24","2014-07-16T21:55:46","2014-07-16T21:55:46","1253","110","1","2024-06-08T09:33:03","2014-07-16T21:55:46","2014-07-16T21:55:46","1254","15","1","2024-06-08T09:31:45","2014-07-16T21:55:46","2014-07-16T21:55:46","1255","39","1","2024-06-08T09:28:27","2014-07-16T21:55:46","2014-07-16T21:55:46","1256","6","1","2024-06-08T09:23:05","2014-07-16T21:55:46","2014-07-16T21:55:46","1257","5","1","2024-06-08T09:18:11","2014-07-16T21:55:46","2014-07-16T21:55:46","1258","45","1","2024-06-07T23:42:58","2014-07-16T21:55:46","2014-07-16T21:55:46","1259","69","1","2024-06-07T18:51:30","2014-07-16T21:55:46","2014-07-16T21:55:46","1260","37","1","2024-06-07T18:48:42","2014-07-16T21:55:46","2014-07-16T21:55:46","1261","37","1","2024-06-07T10:51:45","2014-07-16T21:55:46","2014-07-16T21:55:46","1262","71","1","2024-06-07T10:43:00","2014-07-16T21:55:46","2014-07-16T21:55:46","1263","33","1","2024-06-07T10:36:28","2014-07-16T21:55:46","2014-07-16T21:55:46","1264","82","1","2024-06-07T08:41:03","2014-07-16T21:55:46","2014-07-16T21:55:46","1265","82","1","2024-06-07T08:31:33","2014-07-16T21:55:46","2014-07-16T21:55:46","1266","82","1","2024-06-07T08:27:46","2014-07-16T21:55:46","2014-07-16T21:55:46","1267","82","1","2024-06-06T21:27:56","2014-07-16T21:55:46","2014-07-16T21:55:46","1268","19","1","2024-06-06T21:27:54","2014-07-16T21:55:46","2014-07-16T21:55:46","1269","85","1","2024-06-06T21:21:44","2014-07-16T21:55:46","2014-07-16T21:55:46","1270","108","1","2024-06-06T21:13:55","2014-07-16T21:55:46","2014-07-16T21:55:46","1271","70","1","2024-06-06T21:07:24","2014-07-16T21:55:46","2014-07-16T21:55:46","1272","47","1","2024-06-06T21:04:04","2014-07-16T21:55:46","2014-07-16T21:55:46","1273","48","1","2024-06-06T21:02:45","2014-07-16T21:55:46","2014-07-16T21:55:46","1274","56","1","2024-06-06T20:58:40","2014-07-16T21:55:46","2014-07-16T21:55:46","1275","61","1","2024-06-06T20:53:05","2014-07-16T21:55:46","2014-07-16T21:55:46","1276","54","1","2024-06-06T20:46:47","2014-07-16T21:55:46","2014-07-16T21:55:46","1277","94","1","2024-06-06T20:42:21","2014-07-16T21:55:46","2014-07-16T21:55:46","1278","115","1","2024-06-06T20:39:07","2014-07-16T21:55:46","2014-07-16T21:55:46","1279","119","1","2024-06-06T20:34:47","2014-07-16T21:55:46","2014-07-16T21:55:46","1280","43","1","2024-06-06T20:29:47","2014-07-16T21:55:46","2014-07-16T21:55:46","1281","49","1","2024-06-06T20:26:21","2014-07-16T21:55:46","2014-07-16T21:55:46","1282","89","1","2024-06-06T20:18:03","2014-07-16T21:55:46","2014-07-16T21:55:46","1283","44","1","2024-06-06T20:11:53","2014-07-16T21:55:46","2014-07-16T21:55:46","1284","91","1","2024-06-06T20:06:18","2014-07-16T21:55:46","2014-07-16T21:55:46","1285","41","1","2024-06-06T20:00:36","2014-07-16T21:55:46","2014-07-16T21:55:46","1286","86","1","2024-06-06T19:53:28","2014-07-16T21:55:46","2014-07-16T21:55:46","1287","97","1","2024-06-06T19:50:22","2014-07-16T21:55:46","2014-07-16T21:55:46","1288","17","1","2024-06-06T19:44:21","2014-07-16T21:55:46","2014-07-16T21:55:46","1289","22","1","2024-06-06T19:38:51","2014-07-16T21:55:46","2014-07-16T21:55:46","1290","107","1","2024-06-06T14:31:42","2014-07-16T21:55:46","2014-07-16T21:55:46","1291","93","1","2024-06-06T14:12:50","2014-07-16T21:55:46","2014-07-16T21:55:46","1292","2","1","2024-06-06T14:09:33","2014-07-16T21:55:46","2014-07-16T21:55:46"]