["2","2Fui3xJLasH473qnBa2T6C","226","137","Mordecai","2014-07-16T21:55:46","2014-07-16T21:55:46","3","4ueUedZtOaclUT3mh4eoV3","194","133","Burning Hand","2014-07-16T21:55:46","2014-07-16T21:55:46","4","460bVuH1Az7OH4bC87PoWY","193","164","The Flowering","2014-07-16T21:55:46","2014-07-16T21:55:46","5","2mcDeylfAUf0vQMo5vY8n8","235","172","Beholden to Clan","2014-07-16T21:55:46","2014-07-16T21:55:46","6","2G98gzT4TxGOXgW1yTZoEh","235","172","Twin Mouthed Spring","2014-07-16T21:55:46","2014-07-16T21:55:46","7","7govmnYcfE6wJ7Tmd01ioL","215","124","A Pair of Questions","2014-07-16T21:55:46","2014-07-16T21:55:46","8","62R903SYfJm79xxLhjEhyW","230","139","Real House","2014-07-16T21:55:46","2014-07-16T21:55:46","9","3L7aQYaKfELkdsoMUAv8zN","224","154","Swing (In A Dream)","2014-07-16T21:55:46","2014-07-16T21:55:46","10","5hnyJvgoWiQUYZttV4wXy6","223","125","Chasing Cars","2014-07-16T21:55:46","2014-07-16T21:55:46","11","4LYHTvDzLNU2AoiLObgwSc","227","124","You, Staring at Me, Staring at You","2014-07-16T21:55:46","2014-07-16T21:55:46","12","6B79wNShyZCs8fxI9vp0rZ","207","136","Morningstar","2014-07-16T21:55:46","2014-07-16T21:55:46","13","0hcqMnzXuZApUl5gtGlQ31","215","124","Down When I'm Not","2014-07-16T21:55:46","2014-07-16T21:55:46","14","6PRkIe0mqpnMMyBAfWRLeo","219","136","Last Word","2014-07-16T21:55:46","2014-07-16T21:55:46","15","2yP7zFk2SpqhbwsknLQM3v","235","172","Crown of Stone","2014-07-16T21:55:46","2014-07-16T21:55:46","16","4DlGLD32K7shuL8ub067DL","220","149","Classical","2014-07-16T21:55:46","2014-07-16T21:55:46","17","1INgqSIf08RlPhcWSrXXP4","203","179","In Blur","2014-07-16T21:55:46","2014-07-16T21:55:46","18","5FR1en9cE5Vk05z8QF77PG","222","185","Towards Dawn","2014-07-16T21:55:46","2014-07-16T21:55:46","19","4iqetj4Sk98jhPzX57gfAB","213","136","Under the Wheel","2014-07-16T21:55:46","2014-07-16T21:55:46","20","3Ph7fws05DvPwpn5CQHTBy","208","138","Midlife Crisis","2014-07-16T21:55:46","2014-07-16T21:55:46","21","67ePZBPMbKYxeiM4QXcJIM","233","124","No More Lives To Go","2014-07-16T21:55:46","2014-07-16T21:55:46","22","7wcqsaVz5LadhwD12HtOu3","203","179","Shellstar","2014-07-16T21:55:46","2014-07-16T21:55:46","23","0gzdy04RIM1xaYyGw1h6Bt","202","136","I'm Already Gone","2014-07-16T21:55:46","2014-07-16T21:55:46","24","59JnnsaIEXyWqrGRA1uPrd","207","136","Try to Disappear","2014-07-16T21:55:46","2014-07-16T21:55:46","25","3tP2P4KybC9wYVI8Pe41GT","210","127","Wall Of Eyes","2014-07-16T21:55:46","2014-07-16T21:55:46","26","5U5HpTkFKQM0QJ2T1OeBq8","194","133","Devil Music","2014-07-16T21:55:46","2014-07-16T21:55:46","27","1oVtMlmQRrC77ZNhDyEead","233","124","Never Wanted That","2014-07-16T21:55:46","2014-07-16T21:55:46","28","7MnQBw9xBACp59wkBs6ZAz","200","132","World Ablaze","2014-07-16T21:55:46","2014-07-16T21:55:46","29","5HPj0yTUFEFNia8SWgjq46","223","125","Open Your Eyes","2014-07-16T21:55:46","2014-07-16T21:55:46","30","5ShU0pXDBANPWPkhMSaw9v","191","133","The Sixth Circle","2014-07-16T21:55:46","2014-07-16T21:55:46","31","0NiaHPlgDp7081zSqXuULS","220","149","Prep-School Gangsters","2014-07-16T21:55:46","2014-07-16T21:55:46","32","68ok85RlopZM5l6a3Hth8Z","216","137","White Walls","2014-07-16T21:55:46","2014-07-16T21:55:46","33","4umSDZfUcU8qCb4riBAnGd","213","136","The Birthing - Live at Mohawk, Austin, TX - April 20, 2022","2014-07-16T21:55:46","2014-07-16T21:55:46","34","4ZP61uw525jdEKA3XsAy2u","212","185","Almost Always","2014-07-16T21:55:46","2014-07-16T21:55:46","35","4IRvqyW4fwKG5SE609VUeR","233","124","In This Hell You Find Yourself","2014-07-16T21:55:46","2014-07-16T21:55:46","36","748TO63P6MyfqsgUJTeAjM","228","184","Hideous Dream Opus #2","2014-07-16T21:55:46","2014-07-16T21:55:46","37","4YRVTUim5llCpn8KFQbxjO","232","164","Become So Small","2014-07-16T21:55:46","2014-07-16T21:55:46","38","6YbbHtWxeDD3fh92nQ7WRP","201","132","Deluge","2014-07-16T21:55:46","2014-07-16T21:55:46","39","1IOjtHYiCHtOJ6fa7Il7f7","235","172","Initiates of the White Hart","2014-07-16T21:55:46","2014-07-16T21:55:46","40","6kesIBNAY17BoAz28pnWMC","225","125","Run","2014-07-16T21:55:46","2014-07-16T21:55:46","41","2XuTbAioMrh8KzUJYlWMfR","203","179","Lament for Wasps","2014-07-16T21:55:46","2014-07-16T21:55:46","42","1GhB4tQTdjm4jSMDxGNw3N","194","133","Untitled","2014-07-16T21:55:46","2014-07-16T21:55:46","43","72pvZmc6CZIs2TER67E0CQ","222","185","Rituals","2014-07-16T21:55:46","2014-07-16T21:55:46","44","5acgXjLC8rwSk2xOVhwCnB","203","179","The Gnashing","2014-07-16T21:55:46","2014-07-16T21:55:46","45","7cGtB5rBaVz4o7PoAoN15g","232","164","God Made Me an Animal","2014-07-16T21:55:46","2014-07-16T21:55:46","46","7gXB88ZjOP7h74kxkkjpxR","204","121","Stargazing","2014-07-16T21:55:46","2014-07-16T21:55:46","47","2iKdmLNq5kftu6s8e5eirN","213","136","The Dirge","2014-07-16T21:55:46","2014-07-16T21:55:46","48","0gPGucDJrcyHDI8vtI91X1","213","136","Choir","2014-07-16T21:55:46","2014-07-16T21:55:46","49","3qeIzGR8axl7Ih1tUEamMG","203","179","Mombasa","2014-07-16T21:55:46","2014-07-16T21:55:46","50","3T06H116aJVwGlhOPDlk8j","232","164","30 Under 13","2014-07-16T21:55:46","2014-07-16T21:55:46","51","0w1sKZBhoVc0g8jfOaiV4F","201","132","Arson","2014-07-16T21:55:46","2014-07-16T21:55:46","52","4oAGV7IADPWfkpk6aGQqZt","220","149","Capricorn","2014-07-16T21:55:46","2014-07-16T21:55:46","53","1oMg6KknXVmqy9bLJoeNgz","194","133","Where Angels Come to Die","2014-07-16T21:55:46","2014-07-16T21:55:46","54","4F6nSkgxLND486V3vl1gCQ","213","136","Embers","2014-07-16T21:55:46","2014-07-16T21:55:46","55","0PYKx3I5hzFS0KCu38OHYc","218","173","Veil","2014-07-16T21:55:46","2014-07-16T21:55:46","56","1ykypM8RRqf6XwJKsvC46T","213","136","Beneath the Rose","2014-07-16T21:55:46","2014-07-16T21:55:46","57","5MB6S92vmBQfjSz4nUksPP","207","136","The Iron Bell","2014-07-16T21:55:46","2014-07-16T21:55:46","58","0ZA9Zg4umQEzdB3Fv8qr4E","192","179","Brought to the Water","2014-07-16T21:55:46","2014-07-16T21:55:46","59","6PXYOVPBzO3xojFhQAvmde","221","153","Suffocate (feat. Poppy)","2014-07-16T21:55:46","2014-07-16T21:55:46","60","7DqcbkCUwYw8p6M0bz8QY1","233","124","Lowered","2014-07-16T21:55:46","2014-07-16T21:55:46","61","6wQmiwg56b6jgss3fSzDbl","213","136","Last Word","2014-07-16T21:55:46","2014-07-16T21:55:46","62","19aa6Goj4OAsZUX8hSt6nW","220","149","Ice Cream Piano","2014-07-16T21:55:46","2014-07-16T21:55:46","63","7wk4CsCdm795itk3Yir8pS","221","153","Thirst","2014-07-16T21:55:46","2014-07-16T21:55:46","64","4jGfNIAPEJNpHoGm4r5znR","230","139","Fool","2014-07-16T21:55:46","2014-07-16T21:55:46","65","5zIcFLkUFtgIQEtKaxOUWi","202","136","Tourniquet","2014-07-16T21:55:46","2014-07-16T21:55:46","66","5PWVwhjTqzIaXgy1mM6j8k","202","136","Anchor's Lament","2014-07-16T21:55:46","2014-07-16T21:55:46","67","54jCh0tTSFQK9YOjw7gC2w","194","133","One Last Taste of Heaven","2014-07-16T21:55:46","2014-07-16T21:55:46","68","2ZrlAYa7vLWLphDmPoet9J","191","133","Intro to CHRISTFUCKER","2014-07-16T21:55:46","2014-07-16T21:55:46","69","4CjxnxOt8coAxh51QZEHkI","234","164","Two Alive Amongst The Dead","2014-07-16T21:55:46","2014-07-16T21:55:46","70","1Q0I0c3ZefFjvwmI12TEkF","213","136","Anodyne","2014-07-16T21:55:46","2014-07-16T21:55:46","71","4JUFkrvuUXG9L6fmWbmlGS","232","164","Sacrificial Participant","2014-07-16T21:55:46","2014-07-16T21:55:46","72","4qnmquuGKdUiDLh5paURPb","209","136","Isak","2014-07-16T21:55:46","2014-07-16T21:55:46","73","6agLaQxoTrnhgZSxlwESXi","202","136","Sevens","2014-07-16T21:55:46","2014-07-16T21:55:46","74","5nbJZLLafKFnQAKbz0dVVE","217","134","Μῆνιν ἄειδε, θεὰ παραμαινομένη ἐμοῦ...","2014-07-16T21:55:46","2014-07-16T21:55:46","75","0Ziohm1Ku8E2yUDYoclfhO","229","166","Angeles","2014-07-16T21:55:46","2014-07-16T21:55:46","76","05cfV4YzdYsicYjcTbiL89","214","179","Dream House - 10th Anniversary Remix / Remaster","2014-07-16T21:55:46","2014-07-16T21:55:46","77","7pjCz0Uk8IjkTL2M4SXzdZ","207","136","If I Have to Wake Up (Would You Stop the Rain?)","2014-07-16T21:55:46","2014-07-16T21:55:46","78","7JcsItFKeN3lxQuSjSnzFK","202","136","Borderlines","2014-07-16T21:55:46","2014-07-16T21:55:46","79","3y3UYQZYZjBG0PcklXoZTp","218","173","Another Cycle","2014-07-16T21:55:46","2014-07-16T21:55:46","80","3ussDCTX7qaggKiKsWQ59P","207","136","Desperation Burns","2014-07-16T21:55:46","2014-07-16T21:55:46","81","1BykOjuWC9iCEf7QsVDjca","202","136","Seasons","2014-07-16T21:55:46","2014-07-16T21:55:46","82","29suaRZyx9KTvCA3AjiktY","213","136","Bloom","2014-07-16T21:55:46","2014-07-16T21:55:46","83","5ur1Sa5aI8zgv2S10Jwrc8","198","165","Vakuum","2014-07-16T21:55:46","2014-07-16T21:55:46","84","2DSxUFEL5v1YT8CwYzhWyf","230","139","Vampire Empire","2014-07-16T21:55:46","2014-07-16T21:55:46","85","6HGTogiDsYMVN7hCLZxpz2","213","136","Magnolia","2014-07-16T21:55:46","2014-07-16T21:55:46","86","2XGNSCjNeRMIaVpe9NhMLD","203","179","Neptune Raining Diamonds","2014-07-16T21:55:46","2014-07-16T21:55:46","87","1wKzdjURsgNTufGp7qzdXU","207","136","Fugue","2014-07-16T21:55:46","2014-07-16T21:55:46","88","3MV9rmFHKTu4LbHGwVA1lu","201","132","Salve","2014-07-16T21:55:46","2014-07-16T21:55:46","89","1S37C41B9BmObecWMqlnUr","203","179","Other Language","2014-07-16T21:55:46","2014-07-16T21:55:46","90","1rLyIHLLOZ1bKtVfQWydQ7","233","124","All Waves to Nothing","2014-07-16T21:55:46","2014-07-16T21:55:46","91","2eX6sgqIdz5wiqKD3NyxnO","203","179","Villain","2014-07-16T21:55:46","2014-07-16T21:55:46","92","6Ai0QcX7aEgQBUyRwitj3E","191","133","Sadist","2014-07-16T21:55:46","2014-07-16T21:55:46","93","5sVT60imcUXDPxb12P7sMC","197","137","Monochrome","2014-07-16T21:55:46","2014-07-16T21:55:46","94","3EAUSlUzVTLhxLn8Fhpz5V","199","179","Irresistible","2014-07-16T21:55:46","2014-07-16T21:55:46","95","1oU6QKPJguF2Y4GRwmaGIS","190","141","Scaffolding","2014-07-16T21:55:46","2014-07-16T21:55:46","96","45apEs8w8r48Lp6IQXyhpr","202","136","Front Toward Enemy","2014-07-16T21:55:46","2014-07-16T21:55:46","97","0wSDqr9K4hdFaY5P7apPlo","203","179","Great Mass of Color","2014-07-16T21:55:46","2014-07-16T21:55:46","98","3Oko2TgOzXPLlE2dbbsNKV","220","149","Connect","2014-07-16T21:55:46","2014-07-16T21:55:46","99","4gRySBzWoWD2JqEFZnfPuX","229","166","Speed Trials","2014-07-16T21:55:46","2014-07-16T21:55:46","100","4f1ML3x043Sl0QdVeNB4yT","189","164","30 Under 13","2014-07-16T21:55:46","2014-07-16T21:55:46","101","4ZaJcDNdScNsX4maeciTp2","205","157","Water Wings","2014-07-16T21:55:46","2014-07-16T21:55:46","102","7akFG3dLkfZJvyqRLs0wOI","202","136","Emmett - Radiating Light","2014-07-16T21:55:46","2014-07-16T21:55:46","103","69GuasseR3zP2F9uOVh50i","202","136","Throw Me an Anchor","2014-07-16T21:55:46","2014-07-16T21:55:46","104","7eSfMv4IZDQehbNGzGfqoN","201","132","Memoir","2014-07-16T21:55:46","2014-07-16T21:55:46","105","5n5K6czwgPvZQpMTJVZ03O","207","136","Shock Me","2014-07-16T21:55:46","2014-07-16T21:55:46","106","0w3VUj5jcl5l4rruyum9Qp","233","124","Reality Spiral","2014-07-16T21:55:46","2014-07-16T21:55:46","107","5sBrebz7XnIbwSdWgWasLr","220","149","Hope","2014-07-16T21:55:46","2014-07-16T21:55:46","108","1wkzCjFoyrFgy3bnvjKocu","213","136","Shine","2014-07-16T21:55:46","2014-07-16T21:55:46","109","6zNW3dCVMH8NGoPkkPNM7V","231","186","something in the summer rain - remastered","2014-07-16T21:55:46","2014-07-16T21:55:46","110","10s80qTmQi9Bo0Vtjz7y5t","211","180","Shadowed Waters","2014-07-16T21:55:46","2014-07-16T21:55:46","111","7rgbLN0DXXG3cokKgN26zp","202","136","I'd Do Anything","2014-07-16T21:55:46","2014-07-16T21:55:46","112","3rPUPHDYjNwfzx2ly83HMD","207","136","Kerosene","2014-07-16T21:55:46","2014-07-16T21:55:46","113","0wxRcmXOX4i9Q3orURnmEa","207","136","Chlorine \u0026 Wine","2014-07-16T21:55:46","2014-07-16T21:55:46","114","05mgMVDS9j4Wtci4MVSJWU","212","185","Cloaked","2014-07-16T21:55:46","2014-07-16T21:55:46","115","6SCkW9vwMHPRiKYNk916qw","206","165","Fraktur","2014-07-16T21:55:46","2014-07-16T21:55:46","116","6YPi691V53Wi7vsgKn7NF1","216","137","Foam Born (A) The Backtrack","2014-07-16T21:55:46","2014-07-16T21:55:46","117","01ItcEdLO1DJp88yzcnDG2","195","133","The One","2014-07-16T21:55:46","2014-07-16T21:55:46","118","42k00BlzlmD0SQdGHoTK5H","202","136","Blankets of Ash","2014-07-16T21:55:46","2014-07-16T21:55:46","119","5DFnmcshyxsonqTvanqZPY","196","158","Sapphire","2014-07-16T21:55:46","2014-07-16T21:55:46","120","2HQIyoWwkuv5uR2pSWOrLV","227","124","Absence as a Presence","2014-07-16T21:55:46","2014-07-16T21:55:46"]