[
  "1241",
  "Album",
  "",
  "https://i.scdn.co/image/ab67616d00001e02e040000935bb012dec1a933c",
  300,
  300,
  "2014-07-16T21:55:46",
  "2014-07-16T21:55:46",
  "1242",
  "Album",
  "",
  "https://i.scdn.co/image/ab67616d00004851e040000935bb012dec1a933c",
  64,
  64,
  "2014-07-16T21:55:46",
  "2014-07-16T21:55:46",
  "1240",
  "Album",
  "",
  "https://i.scdn.co/image/ab67616d0000b273e040000935bb012dec1a933c",
  640,
  640,
  "2014-07-16T21:55:46",
  "2014-07-16T21:55:46",
  "909",
  "Artist",
  "121",
  "https://i.scdn.co/image/ab6761610000f178bb0d00d95617d1f247e3e36e",
  160,
  160,
  "2014-07-16T21:55:46",
  "2014-07-16T21:55:46",
  "908",
  "Artist",
  "121",
  "https://i.scdn.co/image/ab67616100005174bb0d00d95617d1f247e3e36e",
  320,
  320,
  "2014-07-16T21:55:46",
  "2014-07-16T21:55:46",
  "907",
  "Artist",
  "121",
  "https://i.scdn.co/image/ab6761610000e5ebbb0d00d95617d1f247e3e36e",
  640,
  640,
  "2014-07-16T21:55:46",
  "2014-07-16T21:55:46",
  "1048",
  "Artist",
  "122",
  "https://i.scdn.co/image/ab6761610000f17886f7c8a4e1232d85615a6679",
  160,
  160,
  "2014-07-16T21:55:46",
  "2014-07-16T21:55:46",
  "1047",
  "Artist",
  "122",
  "https://i.scdn.co/image/ab6761610000517486f7c8a4e1232d85615a6679",
  320,
  320,
  "2014-07-16T21:55:46",
  "2014-07-16T21:55:46",
  "1046",
  "Artist",
  "122",
  "https://i.scdn.co/image/ab6761610000e5eb86f7c8a4e1232d85615a6679",
  640,
  640,
  "2014-07-16T21:55:46",
  "2014-07-16T21:55:46",
  "1068",
  "Artist",
  "123",
  "https://i.scdn.co/image/ab6761610000f1789dccdc8f4087cbe2bdedc9d3",
  160,
  160,
  "2014-07-16T21:55:46",
  "2014-07-16T21:55:46",
  "1067",
  "Artist",
  "123",
  "https://i.scdn.co/image/ab676161000051749dccdc8f4087cbe2bdedc9d3",
  320,
  320,
  "2014-07-16T21:55:46",
  "2014-07-16T21:55:46",
  "1066",
  "Artist",
  "123",
  "https://i.scdn.co/image/ab6761610000e5eb9dccdc8f4087cbe2bdedc9d3",
  640,
  640,
  "2014-07-16T21:55:46",
  "2014-07-16T21:55:46",
  "1009",
  "Artist",
  "124",
  "https://i.scdn.co/image/ab6761610000f1785a1ef34568f85f45b1a7887c",
  160,
  160,
  "2014-07-16T21:55:46",
  "2014-07-16T21:55:46",
  "1008",
  "Artist",
  "124",
  "https://i.scdn.co/image/ab676161000051745a1ef34568f85f45b1a7887c",
  320,
  320,
  "2014-07-16T21:55:46",
  "2014-07-16T21:55:46",
  "1007",
  "Artist",
  "124",
  "https://i.scdn.co/image/ab6761610000e5eb5a1ef34568f85f45b1a7887c",
  640,
  640,
  "2014-07-16T21:55:46",
  "2014-07-16T21:55:46",
  "1042",
  "Artist",
  "125",
  "https://i.scdn.co/image/ab6761610000f1789b328846dc38b0a620da1ce2",
  160,
  160,
  "2014-07-16T21:55:46",
  "2014-07-16T21:55:46",
  "1041",
  "Artist",
  "125",
  "https://i.scdn.co/image/ab676161000051749b328846dc38b0a620da1ce2",
  320,
  320,
  "2014-07-16T21:55:46",
  "2014-07-16T21:55:46",
  "1040",
  "Artist",
  "125",
  "https://i.scdn.co/image/ab6761610000e5eb9b328846dc38b0a620da1ce2",
  640,
  640,
  "2014-07-16T21:55:46",
  "2014-07-16T21:55:46",
  "861",
  "Artist",
  "127",
  "https://i.scdn.co/image/ab6761610000f1785843196429108a4112f73c10",
  160,
  160,
  "2014-07-16T21:55:46",
  "2014-07-16T21:55:46",
  "860",
  "Artist",
  "127",
  "https://i.scdn.co/image/ab676161000051745843196429108a4112f73c10",
  320,
  320,
  "2014-07-16T21:55:46",
  "2014-07-16T21:55:46",
  "859",
  "Artist",
  "127",
  "https://i.scdn.co/image/ab6761610000e5eb5843196429108a4112f73c10",
  640,
  640,
  "2014-07-16T21:55:46",
  "2014-07-16T21:55:46",
  "967",
  "Artist",
  "129",
  "https://i.scdn.co/image/ab6761610000f178adb5e59949a4273aaa168696",
  160,
  160,
  "2014-07-16T21:55:46",
  "2014-07-16T21:55:46",
  "966",
  "Artist",
  "129",
  "https://i.scdn.co/image/ab67616100005174adb5e59949a4273aaa168696",
  320,
  320,
  "2014-07-16T21:55:46",
  "2014-07-16T21:55:46",
  "965",
  "Artist",
  "129",
  "https://i.scdn.co/image/ab6761610000e5ebadb5e59949a4273aaa168696",
  640,
  640,
  "2014-07-16T21:55:46",
  "2014-07-16T21:55:46",
  "813",
  "Artist",
  "130",
  "https://i.scdn.co/image/1b4858fbd24046a81cace5ee18d19c868262b91f",
  1000,
  1250,
  "2014-07-16T21:55:46",
  "2014-07-16T21:55:46",
  "815",
  "Artist",
  "130",
  "https://i.scdn.co/image/e56612ae56c9007e99ab36b83efd4faf6401260d",
  200,
  250,
  "2014-07-16T21:55:46",
  "2014-07-16T21:55:46",
  "816",
  "Artist",
  "130",
  "https://i.scdn.co/image/fc074d287739cca12a89c76fd338ff7d4aa4acee",
  64,
  80,
  "2014-07-16T21:55:46",
  "2014-07-16T21:55:46",
  "814",
  "Artist",
  "130",
  "https://i.scdn.co/image/9bb42de208edcb69653a8e7951fa93b13f598cdd",
  640,
  800,
  "2014-07-16T21:55:46",
  "2014-07-16T21:55:46",
  "840",
  "Artist",
  "131",
  "https://i.scdn.co/image/ab6761610000f1784679f0c1c8f862730c0b5109",
  160,
  160,
  "2014-07-16T21:55:46",
  "2014-07-16T21:55:46",
  "839",
  "Artist",
  "131",
  "https://i.scdn.co/image/ab676161000051744679f0c1c8f862730c0b5109",
  320,
  320,
  "2014-07-16T21:55:46",
  "2014-07-16T21:55:46",
  "838",
  "Artist",
  "131",
  "https://i.scdn.co/image/ab6761610000e5eb4679f0c1c8f862730c0b5109",
  640,
  640,
  "2014-07-16T21:55:46",
  "2014-07-16T21:55:46",
  "1003",
  "Artist",
  "132",
  "https://i.scdn.co/image/ab6761610000f178d1882097f7e9d6830ccec2d9",
  160,
  160,
  "2014-07-16T21:55:46",
  "2014-07-16T21:55:46",
  "1002",
  "Artist",
  "132",
  "https://i.scdn.co/image/ab67616100005174d1882097f7e9d6830ccec2d9",
  320,
  320,
  "2014-07-16T21:55:46",
  "2014-07-16T21:55:46",
  "1001",
  "Artist",
  "132",
  "https://i.scdn.co/image/ab6761610000e5ebd1882097f7e9d6830ccec2d9",
  640,
  640,
  "2014-07-16T21:55:46",
  "2014-07-16T21:55:46",
  "1015",
  "Artist",
  "133",
  "https://i.scdn.co/image/ab6761610000f1785d38a993ee8461c3fa4dd4bf",
  160,
  160,
  "2014-07-16T21:55:46",
  "2014-07-16T21:55:46",
  "1014",
  "Artist",
  "133",
  "https://i.scdn.co/image/ab676161000051745d38a993ee8461c3fa4dd4bf",
  320,
  320,
  "2014-07-16T21:55:46",
  "2014-07-16T21:55:46",
  "1013",
  "Artist",
  "133",
  "https://i.scdn.co/image/ab6761610000e5eb5d38a993ee8461c3fa4dd4bf",
  640,
  640,
  "2014-07-16T21:55:46",
  "2014-07-16T21:55:46",
  "882",
  "Artist",
  "134",
  "https://i.scdn.co/image/ab6761610000f178491ef45fec83b2d4d00c3e7e",
  160,
  160,
  "2014-07-16T21:55:46",
  "2014-07-16T21:55:46",
  "881",
  "Artist",
  "134",
  "https://i.scdn.co/image/ab67616100005174491ef45fec83b2d4d00c3e7e",
  320,
  320,
  "2014-07-16T21:55:46",
  "2014-07-16T21:55:46",
  "880",
  "Artist",
  "134",
  "https://i.scdn.co/image/ab6761610000e5eb491ef45fec83b2d4d00c3e7e",
  640,
  640,
  "2014-07-16T21:55:46",
  "2014-07-16T21:55:46",
  "1062",
  "Artist",
  "135",
  "https://i.scdn.co/image/ab6761610000f178a42c3e7576d35fc3f1200324",
  160,
  160,
  "2014-07-16T21:55:46",
  "2014-07-16T21:55:46",
  "1061",
  "Artist",
  "135",
  "https://i.scdn.co/image/ab67616100005174a42c3e7576d35fc3f1200324",
  320,
  320,
  "2014-07-16T21:55:46",
  "2014-07-16T21:55:46",
  "1060",
  "Artist",
  "135",
  "https://i.scdn.co/image/ab6761610000e5eba42c3e7576d35fc3f1200324",
  640,
  640,
  "2014-07-16T21:55:46",
  "2014-07-16T21:55:46",
  "1000",
  "Artist",
  "136",
  "https://i.scdn.co/image/ab6761610000f178d303c619383cdd7e2f93a9be",
  160,
  160,
  "2014-07-16T21:55:46",
  "2014-07-16T21:55:46",
  "999",
  "Artist",
  "136",
  "https://i.scdn.co/image/ab67616100005174d303c619383cdd7e2f93a9be",
  320,
  320,
  "2014-07-16T21:55:46",
  "2014-07-16T21:55:46",
  "998",
  "Artist",
  "136",
  "https://i.scdn.co/image/ab6761610000e5ebd303c619383cdd7e2f93a9be",
  640,
  640,
  "2014-07-16T21:55:46",
  "2014-07-16T21:55:46",
  "1030",
  "Artist",
  "137",
  "https://i.scdn.co/image/ab6761610000f17887fc314a9b6b9f18e6e32278",
  160,
  160,
  "2014-07-16T21:55:46",
  "2014-07-16T21:55:46",
  "1029",
  "Artist",
  "137",
  "https://i.scdn.co/image/ab6761610000517487fc314a9b6b9f18e6e32278",
  320,
  320,
  "2014-07-16T21:55:46",
  "2014-07-16T21:55:46",
  "1028",
  "Artist",
  "137",
  "https://i.scdn.co/image/ab6761610000e5eb87fc314a9b6b9f18e6e32278",
  640,
  640,
  "2014-07-16T21:55:46",
  "2014-07-16T21:55:46",
  "1049",
  "Artist",
  "138",
  "https://i.scdn.co/image/765ad08f23f828d1a850c47ac417d7be260af932",
  1000,
  1000,
  "2014-07-16T21:55:46",
  "2014-07-16T21:55:46",
  "1051",
  "Artist",
  "138",
  "https://i.scdn.co/image/4f3551a1b2cf8b1ea1d026a80d718044a6f6f817",
  200,
  200,
  "2014-07-16T21:55:46",
  "2014-07-16T21:55:46",
  "1052",
  "Artist",
  "138",
  "https://i.scdn.co/image/87848b2d4dc66640f83601753f355a1eceb1b4ee",
  64,
  64,
  "2014-07-16T21:55:46",
  "2014-07-16T21:55:46",
  "1050",
  "Artist",
  "138",
  "https://i.scdn.co/image/85715abdbcc9f1326915a891360d8cedb09d9379",
  640,
  640,
  "2014-07-16T21:55:46",
  "2014-07-16T21:55:46",
  "1045",
  "Artist",
  "139",
  "https://i.scdn.co/image/ab6761610000f17846e88446bcf8dce2537ef8ce",
  160,
  160,
  "2014-07-16T21:55:46",
  "2014-07-16T21:55:46",
  "1044",
  "Artist",
  "139",
  "https://i.scdn.co/image/ab6761610000517446e88446bcf8dce2537ef8ce",
  320,
  320,
  "2014-07-16T21:55:46",
  "2014-07-16T21:55:46",
  "1043",
  "Artist",
  "139",
  "https://i.scdn.co/image/ab6761610000e5eb46e88446bcf8dce2537ef8ce",
  640,
  640,
  "2014-07-16T21:55:46",
  "2014-07-16T21:55:46",
  "837",
  "Artist",
  "140",
  "https://i.scdn.co/image/ab6761610000f178dcbf8b16eaea624592b29a35",
  160,
  160,
  "2014-07-16T21:55:46",
  "2014-07-16T21:55:46",
  "836",
  "Artist",
  "140",
  "https://i.scdn.co/image/ab67616100005174dcbf8b16eaea624592b29a35",
  320,
  320,
  "2014-07-16T21:55:46",
  "2014-07-16T21:55:46",
  "835",
  "Artist",
  "140",
  "https://i.scdn.co/image/ab6761610000e5ebdcbf8b16eaea624592b29a35",
  640,
  640,
  "2014-07-16T21:55:46",
  "2014-07-16T21:55:46",
  "1033",
  "Artist",
  "141",
  "https://i.scdn.co/image/ab6761610000f178990c87d7ee4aa04fabd43311",
  160,
  160,
  "2014-07-16T21:55:46",
  "2014-07-16T21:55:46",
  "1032",
  "Artist",
  "141",
  "https://i.scdn.co/image/ab67616100005174990c87d7ee4aa04fabd43311",
  320,
  320,
  "2014-07-16T21:55:46",
  "2014-07-16T21:55:46",
  "1031",
  "Artist",
  "141",
  "https://i.scdn.co/image/ab6761610000e5eb990c87d7ee4aa04fabd43311",
  640,
  640,
  "2014-07-16T21:55:46",
  "2014-07-16T21:55:46",
  "1053",
  "Artist",
  "142",
  "https://i.scdn.co/image/481b980af463122013e4578c08fb8c5cbfaed1e9",
  1000,
  1516,
  "2014-07-16T21:55:46",
  "2014-07-16T21:55:46",
  "1055",
  "Artist",
  "142",
  "https://i.scdn.co/image/bd4c7f5ff2c5c4385604e60c71eac1dd498ddbd9",
  200,
  303,
  "2014-07-16T21:55:46",
  "2014-07-16T21:55:46",
  "1056",
  "Artist",
  "142",
  "https://i.scdn.co/image/d3a2542f2811b5b01ee3483ec7c193f72a882ea1",
  64,
  97,
  "2014-07-16T21:55:46",
  "2014-07-16T21:55:46",
  "1054",
  "Artist",
  "142",
  "https://i.scdn.co/image/4bf08a9e6eea088b20d4092d1322bbd3f39ff9af",
  640,
  970,
  "2014-07-16T21:55:46",
  "2014-07-16T21:55:46",
  "1059",
  "Artist",
  "143",
  "https://i.scdn.co/image/ab6761610000f17892f6dba2793814a1c5aa8d35",
  160,
  160,
  "2014-07-16T21:55:46",
  "2014-07-16T21:55:46",
  "1058",
  "Artist",
  "143",
  "https://i.scdn.co/image/ab6761610000517492f6dba2793814a1c5aa8d35",
  320,
  320,
  "2014-07-16T21:55:46",
  "2014-07-16T21:55:46",
  "1057",
  "Artist",
  "143",
  "https://i.scdn.co/image/ab6761610000e5eb92f6dba2793814a1c5aa8d35",
  640,
  640,
  "2014-07-16T21:55:46",
  "2014-07-16T21:55:46",
  "1077",
  "Artist",
  "144",
  "https://i.scdn.co/image/ab6761610000f1786f467ec86a9a2e428cd1f156",
  160,
  160,
  "2014-07-16T21:55:46",
  "2014-07-16T21:55:46",
  "1076",
  "Artist",
  "144",
  "https://i.scdn.co/image/ab676161000051746f467ec86a9a2e428cd1f156",
  320,
  320,
  "2014-07-16T21:55:46",
  "2014-07-16T21:55:46",
  "1075",
  "Artist",
  "144",
  "https://i.scdn.co/image/ab6761610000e5eb6f467ec86a9a2e428cd1f156",
  640,
  640,
  "2014-07-16T21:55:46",
  "2014-07-16T21:55:46",
  "924",
  "Artist",
  "145",
  "https://i.scdn.co/image/ab6761610000f1781ecc55cb453871a124d224ef",
  160,
  160,
  "2014-07-16T21:55:46",
  "2014-07-16T21:55:46",
  "923",
  "Artist",
  "145",
  "https://i.scdn.co/image/ab676161000051741ecc55cb453871a124d224ef",
  320,
  320,
  "2014-07-16T21:55:46",
  "2014-07-16T21:55:46",
  "922",
  "Artist",
  "145",
  "https://i.scdn.co/image/ab6761610000e5eb1ecc55cb453871a124d224ef",
  640,
  640,
  "2014-07-16T21:55:46",
  "2014-07-16T21:55:46",
  "964",
  "Artist",
  "146",
  "https://i.scdn.co/image/ab6761610000f1780d4ecff3b430374c5d57d686",
  160,
  160,
  "2014-07-16T21:55:46",
  "2014-07-16T21:55:46",
  "963",
  "Artist",
  "146",
  "https://i.scdn.co/image/ab676161000051740d4ecff3b430374c5d57d686",
  320,
  320,
  "2014-07-16T21:55:46",
  "2014-07-16T21:55:46",
  "962",
  "Artist",
  "146",
  "https://i.scdn.co/image/ab6761610000e5eb0d4ecff3b430374c5d57d686",
  640,
  640,
  "2014-07-16T21:55:46",
  "2014-07-16T21:55:46",
  "987",
  "Artist",
  "147",
  "https://i.scdn.co/image/ab6761610000f17801189416ff48e32d2bd728f5",
  160,
  160,
  "2014-07-16T21:55:46",
  "2014-07-16T21:55:46",
  "986",
  "Artist",
  "147",
  "https://i.scdn.co/image/ab6761610000517401189416ff48e32d2bd728f5",
  320,
  320,
  "2014-07-16T21:55:46",
  "2014-07-16T21:55:46",
  "985",
  "Artist",
  "147",
  "https://i.scdn.co/image/ab6761610000e5eb01189416ff48e32d2bd728f5",
  640,
  640,
  "2014-07-16T21:55:46",
  "2014-07-16T21:55:46",
  "988",
  "Artist",
  "148",
  "https://i.scdn.co/image/10cab18501e3b00598e5464803d0de3654191ca4",
  1000,
  666,
  "2014-07-16T21:55:46",
  "2014-07-16T21:55:46",
  "990",
  "Artist",
  "148",
  "https://i.scdn.co/image/8defa30884f25a4dd08e84519de1c4c0bf995ff7",
  200,
  133,
  "2014-07-16T21:55:46",
  "2014-07-16T21:55:46",
  "991",
  "Artist",
  "148",
  "https://i.scdn.co/image/5f96f357f0532978834d416845799cb616a39e33",
  64,
  43,
  "2014-07-16T21:55:46",
  "2014-07-16T21:55:46",
  "989",
  "Artist",
  "148",
  "https://i.scdn.co/image/b064e3c3ac7e435d960b204dd3b5ee4b14397e46",
  640,
  426,
  "2014-07-16T21:55:46",
  "2014-07-16T21:55:46",
  "1024",
  "Artist",
  "149",
  "https://i.scdn.co/image/ab6761610000f1780bb49b0b71ab3f5871860617",
  160,
  160,
  "2014-07-16T21:55:46",
  "2014-07-16T21:55:46",
  "1023",
  "Artist",
  "149",
  "https://i.scdn.co/image/ab676161000051740bb49b0b71ab3f5871860617",
  320,
  320,
  "2014-07-16T21:55:46",
  "2014-07-16T21:55:46",
  "1022",
  "Artist",
  "149",
  "https://i.scdn.co/image/ab6761610000e5eb0bb49b0b71ab3f5871860617",
  640,
  640,
  "2014-07-16T21:55:46",
  "2014-07-16T21:55:46",
  "1080",
  "Artist",
  "150",
  "https://i.scdn.co/image/ab6761610000f178f116cb91b9bcf4adb06dc113",
  160,
  160,
  "2014-07-16T21:55:46",
  "2014-07-16T21:55:46",
  "1079",
  "Artist",
  "150",
  "https://i.scdn.co/image/ab67616100005174f116cb91b9bcf4adb06dc113",
  320,
  320,
  "2014-07-16T21:55:46",
  "2014-07-16T21:55:46",
  "1078",
  "Artist",
  "150",
  "https://i.scdn.co/image/ab6761610000e5ebf116cb91b9bcf4adb06dc113",
  640,
  640,
  "2014-07-16T21:55:46",
  "2014-07-16T21:55:46",
  "1092",
  "Artist",
  "151",
  "https://i.scdn.co/image/ab6761610000f178571b70142ffd15c17c6c19d6",
  160,
  160,
  "2014-07-16T21:55:46",
  "2014-07-16T21:55:46",
  "1091",
  "Artist",
  "151",
  "https://i.scdn.co/image/ab67616100005174571b70142ffd15c17c6c19d6",
  320,
  320,
  "2014-07-16T21:55:46",
  "2014-07-16T21:55:46",
  "1090",
  "Artist",
  "151",
  "https://i.scdn.co/image/ab6761610000e5eb571b70142ffd15c17c6c19d6",
  640,
  640,
  "2014-07-16T21:55:46",
  "2014-07-16T21:55:46",
  "888",
  "Artist",
  "152",
  "https://i.scdn.co/image/ab6761610000f1786c9ed8bf245e196e5d8cdb04",
  160,
  160,
  "2014-07-16T21:55:46",
  "2014-07-16T21:55:46",
  "887",
  "Artist",
  "152",
  "https://i.scdn.co/image/ab676161000051746c9ed8bf245e196e5d8cdb04",
  320,
  320,
  "2014-07-16T21:55:46",
  "2014-07-16T21:55:46",
  "886",
  "Artist",
  "152",
  "https://i.scdn.co/image/ab6761610000e5eb6c9ed8bf245e196e5d8cdb04",
  640,
  640,
  "2014-07-16T21:55:46",
  "2014-07-16T21:55:46",
  "1027",
  "Artist",
  "153",
  "https://i.scdn.co/image/ab6761610000f1781c80f002a9c5aada3c8633a9",
  160,
  160,
  "2014-07-16T21:55:46",
  "2014-07-16T21:55:46",
  "1026",
  "Artist",
  "153",
  "https://i.scdn.co/image/ab676161000051741c80f002a9c5aada3c8633a9",
  320,
  320,
  "2014-07-16T21:55:46",
  "2014-07-16T21:55:46",
  "1025",
  "Artist",
  "153",
  "https://i.scdn.co/image/ab6761610000e5eb1c80f002a9c5aada3c8633a9",
  640,
  640,
  "2014-07-16T21:55:46",
  "2014-07-16T21:55:46",
  "746",
  "Artist",
  "154",
  "https://i.scdn.co/image/ab6761610000f178c36081ade580e240facfb54e",
  160,
  160,
  "2014-07-16T21:55:46",
  "2014-07-16T21:55:46",
  "745",
  "Artist",
  "154",
  "https://i.scdn.co/image/ab67616100005174c36081ade580e240facfb54e",
  320,
  320,
  "2014-07-16T21:55:46",
  "2014-07-16T21:55:46",
  "744",
  "Artist",
  "154",
  "https://i.scdn.co/image/ab6761610000e5ebc36081ade580e240facfb54e",
  640,
  640,
  "2014-07-16T21:55:46",
  "2014-07-16T21:55:46",
  "915",
  "Artist",
  "155",
  "https://i.scdn.co/image/ab6761610000f178047095c90419cf2a97266f77",
  160,
  160,
  "2014-07-16T21:55:46",
  "2014-07-16T21:55:46",
  "914",
  "Artist",
  "155",
  "https://i.scdn.co/image/ab67616100005174047095c90419cf2a97266f77",
  320,
  320,
  "2014-07-16T21:55:46",
  "2014-07-16T21:55:46",
  "913",
  "Artist",
  "155",
  "https://i.scdn.co/image/ab6761610000e5eb047095c90419cf2a97266f77",
  640,
  640,
  "2014-07-16T21:55:46",
  "2014-07-16T21:55:46",
  "791",
  "Artist",
  "156",
  "https://i.scdn.co/image/ab6761610000f178149d5758cb61dd7ad1508435",
  160,
  160,
  "2014-07-16T21:55:46",
  "2014-07-16T21:55:46",
  "790",
  "Artist",
  "156",
  "https://i.scdn.co/image/ab67616100005174149d5758cb61dd7ad1508435",
  320,
  320,
  "2014-07-16T21:55:46",
  "2014-07-16T21:55:46",
  "789",
  "Artist",
  "156",
  "https://i.scdn.co/image/ab6761610000e5eb149d5758cb61dd7ad1508435",
  640,
  640,
  "2014-07-16T21:55:46",
  "2014-07-16T21:55:46",
  "945",
  "Artist",
  "157",
  "https://i.scdn.co/image/ab6761610000f178c5a54990abd18ff6b73e2279",
  160,
  160,
  "2014-07-16T21:55:46",
  "2014-07-16T21:55:46",
  "944",
  "Artist",
  "157",
  "https://i.scdn.co/image/ab67616100005174c5a54990abd18ff6b73e2279",
  320,
  320,
  "2014-07-16T21:55:46",
  "2014-07-16T21:55:46",
  "943",
  "Artist",
  "157",
  "https://i.scdn.co/image/ab6761610000e5ebc5a54990abd18ff6b73e2279",
  640,
  640,
  "2014-07-16T21:55:46",
  "2014-07-16T21:55:46",
  "1039",
  "Artist",
  "158",
  "https://i.scdn.co/image/ab6761610000f178f93fcb88bd2805b3cbb4490f",
  160,
  160,
  "2014-07-16T21:55:46",
  "2014-07-16T21:55:46",
  "1038",
  "Artist",
  "158",
  "https://i.scdn.co/image/ab67616100005174f93fcb88bd2805b3cbb4490f",
  320,
  320,
  "2014-07-16T21:55:46",
  "2014-07-16T21:55:46",
  "1037",
  "Artist",
  "158",
  "https://i.scdn.co/image/ab6761610000e5ebf93fcb88bd2805b3cbb4490f",
  640,
  640,
  "2014-07-16T21:55:46",
  "2014-07-16T21:55:46",
  "921",
  "Artist",
  "159",
  "https://i.scdn.co/image/ab6761610000f1784135811d6dba8cd9d1a1725f",
  160,
  160,
  "2014-07-16T21:55:46",
  "2014-07-16T21:55:46",
  "920",
  "Artist",
  "159",
  "https://i.scdn.co/image/ab676161000051744135811d6dba8cd9d1a1725f",
  320,
  320,
  "2014-07-16T21:55:46",
  "2014-07-16T21:55:46",
  "919",
  "Artist",
  "159",
  "https://i.scdn.co/image/ab6761610000e5eb4135811d6dba8cd9d1a1725f",
  640,
  640,
  "2014-07-16T21:55:46",
  "2014-07-16T21:55:46",
  "952",
  "Artist",
  "160",
  "https://i.scdn.co/image/c00df3db5fc12f38b33b5ee87933b7b01b0d6e41",
  1000,
  1000,
  "2014-07-16T21:55:46",
  "2014-07-16T21:55:46",
  "954",
  "Artist",
  "160",
  "https://i.scdn.co/image/51b307cdb4314151ddba1ccf537d7379b90540de",
  200,
  200,
  "2014-07-16T21:55:46",
  "2014-07-16T21:55:46",
  "955",
  "Artist",
  "160",
  "https://i.scdn.co/image/bec64f91980d5fa49bcfddfa79afdde01cd644fc",
  64,
  64,
  "2014-07-16T21:55:46",
  "2014-07-16T21:55:46",
  "953",
  "Artist",
  "160",
  "https://i.scdn.co/image/5cc14441a00f2acd672b82d8e7c26b51f52042a2",
  640,
  640,
  "2014-07-16T21:55:46",
  "2014-07-16T21:55:46",
  "1065",
  "Artist",
  "161",
  "https://i.scdn.co/image/ab6761610000f178fb994f3ad1f2a58320e9b422",
  160,
  160,
  "2014-07-16T21:55:46",
  "2014-07-16T21:55:46",
  "1064",
  "Artist",
  "161",
  "https://i.scdn.co/image/ab67616100005174fb994f3ad1f2a58320e9b422",
  320,
  320,
  "2014-07-16T21:55:46",
  "2014-07-16T21:55:46",
  "1063",
  "Artist",
  "161",
  "https://i.scdn.co/image/ab6761610000e5ebfb994f3ad1f2a58320e9b422",
  640,
  640,
  "2014-07-16T21:55:46",
  "2014-07-16T21:55:46",
  "958",
  "Artist",
  "162",
  "https://i.scdn.co/image/ab6761610000f178f8d7a27045c5a56b817e7421",
  160,
  160,
  "2014-07-16T21:55:46",
  "2014-07-16T21:55:46",
  "957",
  "Artist",
  "162",
  "https://i.scdn.co/image/ab67616100005174f8d7a27045c5a56b817e7421",
  320,
  320,
  "2014-07-16T21:55:46",
  "2014-07-16T21:55:46",
  "956",
  "Artist",
  "162",
  "https://i.scdn.co/image/ab6761610000e5ebf8d7a27045c5a56b817e7421",
  640,
  640,
  "2014-07-16T21:55:46",
  "2014-07-16T21:55:46",
  "970",
  "Artist",
  "163",
  "https://i.scdn.co/image/ab6761610000f178f84fe9e6fbb2aa001d6cbbd9",
  160,
  160,
  "2014-07-16T21:55:46",
  "2014-07-16T21:55:46",
  "969",
  "Artist",
  "163",
  "https://i.scdn.co/image/ab67616100005174f84fe9e6fbb2aa001d6cbbd9",
  320,
  320,
  "2014-07-16T21:55:46",
  "2014-07-16T21:55:46",
  "968",
  "Artist",
  "163",
  "https://i.scdn.co/image/ab6761610000e5ebf84fe9e6fbb2aa001d6cbbd9",
  640,
  640,
  "2014-07-16T21:55:46",
  "2014-07-16T21:55:46",
  "1006",
  "Artist",
  "164",
  "https://i.scdn.co/image/ab6761610000f17892d168d8f4b91c268bb0aa34",
  160,
  160,
  "2014-07-16T21:55:46",
  "2014-07-16T21:55:46",
  "1005",
  "Artist",
  "164",
  "https://i.scdn.co/image/ab6761610000517492d168d8f4b91c268bb0aa34",
  320,
  320,
  "2014-07-16T21:55:46",
  "2014-07-16T21:55:46",
  "1004",
  "Artist",
  "164",
  "https://i.scdn.co/image/ab6761610000e5eb92d168d8f4b91c268bb0aa34",
  640,
  640,
  "2014-07-16T21:55:46",
  "2014-07-16T21:55:46",
  "1071",
  "Artist",
  "165",
  "https://i.scdn.co/image/ab6761610000f178ed0c130a10973d9af08c2676",
  160,
  160,
  "2014-07-16T21:55:46",
  "2014-07-16T21:55:46",
  "1070",
  "Artist",
  "165",
  "https://i.scdn.co/image/ab67616100005174ed0c130a10973d9af08c2676",
  320,
  320,
  "2014-07-16T21:55:46",
  "2014-07-16T21:55:46",
  "1069",
  "Artist",
  "165",
  "https://i.scdn.co/image/ab6761610000e5ebed0c130a10973d9af08c2676",
  640,
  640,
  "2014-07-16T21:55:46",
  "2014-07-16T21:55:46",
  "1018",
  "Artist",
  "166",
  "https://i.scdn.co/image/ab6761610000f178079739b801ab3f105866b76f",
  160,
  160,
  "2014-07-16T21:55:46",
  "2014-07-16T21:55:46",
  "1017",
  "Artist",
  "166",
  "https://i.scdn.co/image/ab67616100005174079739b801ab3f105866b76f",
  320,
  320,
  "2014-07-16T21:55:46",
  "2014-07-16T21:55:46",
  "1016",
  "Artist",
  "166",
  "https://i.scdn.co/image/ab6761610000e5eb079739b801ab3f105866b76f",
  640,
  640,
  "2014-07-16T21:55:46",
  "2014-07-16T21:55:46",
  "1083",
  "Artist",
  "167",
  "https://i.scdn.co/image/ab6761610000f178406530cdaae27a217c2619bc",
  160,
  160,
  "2014-07-16T21:55:46",
  "2014-07-16T21:55:46",
  "1082",
  "Artist",
  "167",
  "https://i.scdn.co/image/ab67616100005174406530cdaae27a217c2619bc",
  320,
  320,
  "2014-07-16T21:55:46",
  "2014-07-16T21:55:46",
  "1081",
  "Artist",
  "167",
  "https://i.scdn.co/image/ab6761610000e5eb406530cdaae27a217c2619bc",
  640,
  640,
  "2014-07-16T21:55:46",
  "2014-07-16T21:55:46",
  "927",
  "Artist",
  "168",
  "https://i.scdn.co/image/ab6761610000f178196db1757e46efbecd7314c6",
  160,
  160,
  "2014-07-16T21:55:46",
  "2014-07-16T21:55:46",
  "926",
  "Artist",
  "168",
  "https://i.scdn.co/image/ab67616100005174196db1757e46efbecd7314c6",
  320,
  320,
  "2014-07-16T21:55:46",
  "2014-07-16T21:55:46",
  "925",
  "Artist",
  "168",
  "https://i.scdn.co/image/ab6761610000e5eb196db1757e46efbecd7314c6",
  640,
  640,
  "2014-07-16T21:55:46",
  "2014-07-16T21:55:46",
  "809",
  "Artist",
  "169",
  "https://i.scdn.co/image/ab6761610000f1782c61d9506d5af5fb502b343f",
  160,
  160,
  "2014-07-16T21:55:46",
  "2014-07-16T21:55:46",
  "808",
  "Artist",
  "169",
  "https://i.scdn.co/image/ab676161000051742c61d9506d5af5fb502b343f",
  320,
  320,
  "2014-07-16T21:55:46",
  "2014-07-16T21:55:46",
  "807",
  "Artist",
  "169",
  "https://i.scdn.co/image/ab6761610000e5eb2c61d9506d5af5fb502b343f",
  640,
  640,
  "2014-07-16T21:55:46",
  "2014-07-16T21:55:46",
  "812",
  "Artist",
  "170",
  "https://i.scdn.co/image/ab6761610000f178c5ff9848a8c5437ffb42d646",
  160,
  160,
  "2014-07-16T21:55:46",
  "2014-07-16T21:55:46",
  "811",
  "Artist",
  "170",
  "https://i.scdn.co/image/ab67616100005174c5ff9848a8c5437ffb42d646",
  320,
  320,
  "2014-07-16T21:55:46",
  "2014-07-16T21:55:46",
  "810",
  "Artist",
  "170",
  "https://i.scdn.co/image/ab6761610000e5ebc5ff9848a8c5437ffb42d646",
  640,
  640,
  "2014-07-16T21:55:46",
  "2014-07-16T21:55:46",
  "828",
  "Artist",
  "171",
  "https://i.scdn.co/image/ab6761610000f17827c955fd1a471c77a875cea2",
  160,
  160,
  "2014-07-16T21:55:46",
  "2014-07-16T21:55:46",
  "827",
  "Artist",
  "171",
  "https://i.scdn.co/image/ab6761610000517427c955fd1a471c77a875cea2",
  320,
  320,
  "2014-07-16T21:55:46",
  "2014-07-16T21:55:46",
  "826",
  "Artist",
  "171",
  "https://i.scdn.co/image/ab6761610000e5eb27c955fd1a471c77a875cea2",
  640,
  640,
  "2014-07-16T21:55:46",
  "2014-07-16T21:55:46",
  "1036",
  "Artist",
  "172",
  "https://i.scdn.co/image/ab6761610000f17811fc69db90d555e1d438d773",
  160,
  160,
  "2014-07-16T21:55:46",
  "2014-07-16T21:55:46",
  "1035",
  "Artist",
  "172",
  "https://i.scdn.co/image/ab6761610000517411fc69db90d555e1d438d773",
  320,
  320,
  "2014-07-16T21:55:46",
  "2014-07-16T21:55:46",
  "1034",
  "Artist",
  "172",
  "https://i.scdn.co/image/ab6761610000e5eb11fc69db90d555e1d438d773",
  640,
  640,
  "2014-07-16T21:55:46",
  "2014-07-16T21:55:46",
  "885",
  "Artist",
  "173",
  "https://i.scdn.co/image/ab6761610000f178dd931113e903115e18b91972",
  160,
  160,
  "2014-07-16T21:55:46",
  "2014-07-16T21:55:46",
  "884",
  "Artist",
  "173",
  "https://i.scdn.co/image/ab67616100005174dd931113e903115e18b91972",
  320,
  320,
  "2014-07-16T21:55:46",
  "2014-07-16T21:55:46",
  "883",
  "Artist",
  "173",
  "https://i.scdn.co/image/ab6761610000e5ebdd931113e903115e18b91972",
  640,
  640,
  "2014-07-16T21:55:46",
  "2014-07-16T21:55:46",
  "948",
  "Artist",
  "174",
  "https://i.scdn.co/image/ab6761610000f178ed4990800a10bbe4ecdb42ef",
  160,
  160,
  "2014-07-16T21:55:46",
  "2014-07-16T21:55:46",
  "947",
  "Artist",
  "174",
  "https://i.scdn.co/image/ab67616100005174ed4990800a10bbe4ecdb42ef",
  320,
  320,
  "2014-07-16T21:55:46",
  "2014-07-16T21:55:46",
  "946",
  "Artist",
  "174",
  "https://i.scdn.co/image/ab6761610000e5ebed4990800a10bbe4ecdb42ef",
  640,
  640,
  "2014-07-16T21:55:46",
  "2014-07-16T21:55:46",
  "980",
  "Artist",
  "175",
  "https://i.scdn.co/image/ab6761610000f17844cd3346629f05d190173bed",
  160,
  160,
  "2014-07-16T21:55:46",
  "2014-07-16T21:55:46",
  "979",
  "Artist",
  "175",
  "https://i.scdn.co/image/ab6761610000517444cd3346629f05d190173bed",
  320,
  320,
  "2014-07-16T21:55:46",
  "2014-07-16T21:55:46",
  "978",
  "Artist",
  "175",
  "https://i.scdn.co/image/ab6761610000e5eb44cd3346629f05d190173bed",
  640,
  640,
  "2014-07-16T21:55:46",
  "2014-07-16T21:55:46",
  "906",
  "Artist",
  "176",
  "https://i.scdn.co/image/ab6761610000f178b80dd6b23c5c04d62d9aa0c6",
  160,
  160,
  "2014-07-16T21:55:46",
  "2014-07-16T21:55:46",
  "905",
  "Artist",
  "176",
  "https://i.scdn.co/image/ab67616100005174b80dd6b23c5c04d62d9aa0c6",
  320,
  320,
  "2014-07-16T21:55:46",
  "2014-07-16T21:55:46",
  "904",
  "Artist",
  "176",
  "https://i.scdn.co/image/ab6761610000e5ebb80dd6b23c5c04d62d9aa0c6",
  640,
  640,
  "2014-07-16T21:55:46",
  "2014-07-16T21:55:46",
  "961",
  "Artist",
  "177",
  "https://i.scdn.co/image/ab6761610000f1786e835a500e791bf9c27a422a",
  160,
  160,
  "2014-07-16T21:55:46",
  "2014-07-16T21:55:46",
  "960",
  "Artist",
  "177",
  "https://i.scdn.co/image/ab676161000051746e835a500e791bf9c27a422a",
  320,
  320,
  "2014-07-16T21:55:46",
  "2014-07-16T21:55:46",
  "959",
  "Artist",
  "177",
  "https://i.scdn.co/image/ab6761610000e5eb6e835a500e791bf9c27a422a",
  640,
  640,
  "2014-07-16T21:55:46",
  "2014-07-16T21:55:46",
  "819",
  "Artist",
  "178",
  "https://i.scdn.co/image/ab6761610000f178d2a6906ac5b4923c823cf966",
  160,
  160,
  "2014-07-16T21:55:46",
  "2014-07-16T21:55:46",
  "818",
  "Artist",
  "178",
  "https://i.scdn.co/image/ab67616100005174d2a6906ac5b4923c823cf966",
  320,
  320,
  "2014-07-16T21:55:46",
  "2014-07-16T21:55:46",
  "817",
  "Artist",
  "178",
  "https://i.scdn.co/image/ab6761610000e5ebd2a6906ac5b4923c823cf966",
  640,
  640,
  "2014-07-16T21:55:46",
  "2014-07-16T21:55:46",
  "1021",
  "Artist",
  "179",
  "https://i.scdn.co/image/ab6761610000f178a13c6f371f7dcfab6625b14f",
  160,
  160,
  "2014-07-16T21:55:46",
  "2014-07-16T21:55:46",
  "1020",
  "Artist",
  "179",
  "https://i.scdn.co/image/ab67616100005174a13c6f371f7dcfab6625b14f",
  320,
  320,
  "2014-07-16T21:55:46",
  "2014-07-16T21:55:46",
  "1019",
  "Artist",
  "179",
  "https://i.scdn.co/image/ab6761610000e5eba13c6f371f7dcfab6625b14f",
  640,
  640,
  "2014-07-16T21:55:46",
  "2014-07-16T21:55:46",
  "1086",
  "Artist",
  "181",
  "https://i.scdn.co/image/ab6761610000f17809f7235d3c82daa807c3de49",
  160,
  160,
  "2014-07-16T21:55:46",
  "2014-07-16T21:55:46",
  "1085",
  "Artist",
  "181",
  "https://i.scdn.co/image/ab6761610000517409f7235d3c82daa807c3de49",
  320,
  320,
  "2014-07-16T21:55:46",
  "2014-07-16T21:55:46",
  "1084",
  "Artist",
  "181",
  "https://i.scdn.co/image/ab6761610000e5eb09f7235d3c82daa807c3de49",
  640,
  640,
  "2014-07-16T21:55:46",
  "2014-07-16T21:55:46",
  "897",
  "Artist",
  "182",
  "https://i.scdn.co/image/ab6761610000f178e9348cc01ff5d55971b22433",
  160,
  160,
  "2014-07-16T21:55:46",
  "2014-07-16T21:55:46",
  "896",
  "Artist",
  "182",
  "https://i.scdn.co/image/ab67616100005174e9348cc01ff5d55971b22433",
  320,
  320,
  "2014-07-16T21:55:46",
  "2014-07-16T21:55:46",
  "895",
  "Artist",
  "182",
  "https://i.scdn.co/image/ab6761610000e5ebe9348cc01ff5d55971b22433",
  640,
  640,
  "2014-07-16T21:55:46",
  "2014-07-16T21:55:46",
  "833",
  "Artist",
  "183",
  "https://i.scdn.co/image/6004c7a36ec844864fd0eedfe77d61c9f6f5774d",
  200,
  134,
  "2014-07-16T21:55:46",
  "2014-07-16T21:55:46",
  "832",
  "Artist",
  "183",
  "https://i.scdn.co/image/828ee5ef2dae05391acdbe1cd2f353c47dea4176",
  450,
  301,
  "2014-07-16T21:55:46",
  "2014-07-16T21:55:46",
  "834",
  "Artist",
  "183",
  "https://i.scdn.co/image/c459e4816ef04c6eacaa21d53acc1d7f791de526",
  64,
  43,
  "2014-07-16T21:55:46",
  "2014-07-16T21:55:46",
  "1012",
  "Artist",
  "185",
  "https://i.scdn.co/image/ab6761610000f17871fbbc7c20f42a8713ea4900",
  160,
  160,
  "2014-07-16T21:55:46",
  "2014-07-16T21:55:46",
  "1011",
  "Artist",
  "185",
  "https://i.scdn.co/image/ab6761610000517471fbbc7c20f42a8713ea4900",
  320,
  320,
  "2014-07-16T21:55:46",
  "2014-07-16T21:55:46",
  "1010",
  "Artist",
  "185",
  "https://i.scdn.co/image/ab6761610000e5eb71fbbc7c20f42a8713ea4900",
  640,
  640,
  "2014-07-16T21:55:46",
  "2014-07-16T21:55:46",
  "902",
  "Artist",
  "186",
  "https://i.scdn.co/image/ab67616d00001e02b43e87fb91979aabf1864c0c",
  300,
  300,
  "2014-07-16T21:55:46",
  "2014-07-16T21:55:46",
  "903",
  "Artist",
  "186",
  "https://i.scdn.co/image/ab67616d00004851b43e87fb91979aabf1864c0c",
  64,
  64,
  "2014-07-16T21:55:46",
  "2014-07-16T21:55:46",
  "901",
  "Artist",
  "186",
  "https://i.scdn.co/image/ab67616d0000b273b43e87fb91979aabf1864c0c",
  640,
  640,
  "2014-07-16T21:55:46",
  "2014-07-16T21:55:46",
  "1074",
  "Artist",
  "187",
  "https://i.scdn.co/image/ab6761610000f178a044e15eee771205956dcbf8",
  160,
  160,
  "2014-07-16T21:55:46",
  "2014-07-16T21:55:46",
  "1073",
  "Artist",
  "187",
  "https://i.scdn.co/image/ab67616100005174a044e15eee771205956dcbf8",
  320,
  320,
  "2014-07-16T21:55:46",
  "2014-07-16T21:55:46",
  "1072",
  "Artist",
  "187",
  "https://i.scdn.co/image/ab6761610000e5eba044e15eee771205956dcbf8",
  640,
  640,
  "2014-07-16T21:55:46",
  "2014-07-16T21:55:46",
  "1089",
  "Artist",
  "188",
  "https://i.scdn.co/image/ab6761610000f17888271b2a5dab698a6d26c1e1",
  160,
  160,
  "2014-07-16T21:55:46",
  "2014-07-16T21:55:46",
  "1088",
  "Artist",
  "188",
  "https://i.scdn.co/image/ab6761610000517488271b2a5dab698a6d26c1e1",
  320,
  320,
  "2014-07-16T21:55:46",
  "2014-07-16T21:55:46",
  "1087",
  "Artist",
  "188",
  "https://i.scdn.co/image/ab6761610000e5eb88271b2a5dab698a6d26c1e1",
  640,
  640,
  "2014-07-16T21:55:46",
  "2014-07-16T21:55:46"
]
