["1","123","123","123","2014-07-16T21:55:46","2014-07-16T21:55:46"]